// Jest Snapshot v1, https://goo.gl/fbAQLP

exports[`it debe de mostrar el componente con la imagen del producto 1`] = `
<div
  className="productCard undefined"
>
  <img
    className="productImg undefined"
    src="./coffee-mug.png"
  />
</div>
`;

exports[`it renders without crashing 1`] = `
<img
  alt="http://test-image.jpg"
  className="productImg undefined"
  src="http://test-image.jpg"
/>
`;
